<!DOCTYPE html>
<html lang="en">
<head>
    <meta http-equiv="refresh" content="0;URL=../../../../windows_sys/Win32/Foundation/constant.STATUS_LPC_RECEIVE_BUFFER_EXPECTED.html">
    <title>Redirection</title>
</head>
<body>
    <p>Redirecting to <a href="../../../../windows_sys/Win32/Foundation/constant.STATUS_LPC_RECEIVE_BUFFER_EXPECTED.html">../../../../windows_sys/Win32/Foundation/constant.STATUS_LPC_RECEIVE_BUFFER_EXPECTED.html</a>...</p>
    <script>location.replace("../../../../windows_sys/Win32/Foundation/constant.STATUS_LPC_RECEIVE_BUFFER_EXPECTED.html" + location.search + location.hash);</script>
</body>
</html>